// Jest Snapshot v1, https://goo.gl/fbAQLP

exports[`CodeMOdal spec renders the component 1`] = `
<div>
  <div />
</div>
`;
